// Jest Snapshot v1, https://goo.gl/fbAQLP

exports[`renders correctly 1`] = `
<View
  forwardedRef={[Function]}
  style={
    Object {
      "alignItems": "center",
      "flex": 1,
      "justifyContent": "center",
      "opacity": 0,
      "padding": 50,
      "transform": Array [
        Object {
          "translateY": 100,
        },
      ],
    }
  }
>
  <Text
    style={
      Object {
        "color": "#707070",
        "fontSize": 15,
        "textAlign": "center",
      }
    }
  >
    Message alert
  </Text>
</View>
`;
