// Jest Snapshot v1, https://goo.gl/fbAQLP

exports[`renders correctly 1`] = `
<View
  style={
    Object {
      "backgroundColor": "#FFFFFF",
      "marginBottom": 15,
    }
  }
>
  <View
    style={
      Array [
        Object {
          "backgroundColor": "#FFFFFF",
        },
        Object {},
      ]
    }
  >
    <View
      style={
        Object {
          "borderBottomColor": "#F4F4F4",
          "borderBottomWidth": 2,
          "marginLeft": 20,
          "paddingRight": 20,
          "paddingVertical": 15,
        }
      }
    >
      <View
        style={
          Object {
            "flexDirection": "row",
            "justifyContent": "space-between",
          }
        }
      >
        <Text
          style={
            Object {
              "color": "#000000",
              "fontSize": 16,
              "fontWeight": "600",
            }
          }
        >
          Ação
        </Text>
        <Text
          style={
            Object {
              "color": "#707070",
              "fontSize": 16,
              "fontWeight": "600",
            }
          }
        >
          BBAS3
        </Text>
      </View>
    </View>
  </View>
  <View
    style={
      Array [
        Object {
          "backgroundColor": "#FFFFFF",
        },
        Object {},
      ]
    }
  >
    <View
      style={
        Object {
          "borderBottomColor": "#F4F4F4",
          "borderBottomWidth": 2,
          "marginLeft": 20,
          "paddingRight": 20,
          "paddingVertical": 15,
        }
      }
    >
      <View
        style={
          Object {
            "flexDirection": "row",
            "justifyContent": "space-between",
          }
        }
      >
        <Text
          style={
            Object {
              "color": "#000000",
              "fontSize": 16,
              "fontWeight": "600",
            }
          }
        >
          Saldo acumulado
        </Text>
        <Text
          style={
            Object {
              "color": "#707070",
              "fontSize": 16,
              "fontWeight": "600",
            }
          }
        >
          R$ 10.320,00
        </Text>
      </View>
    </View>
  </View>
  <View
    style={
      Object {
        "paddingHorizontal": 20,
        "paddingVertical": 15,
      }
    }
  >
    <Text
      style={
        Object {
          "color": "#000000",
          "fontSize": 13,
          "marginBottom": 8,
        }
      }
    >
      Valor a resgatar
    </Text>
    <TextInput
      allowFontScaling={true}
      keyboardType="numeric"
      onChangeText={[Function]}
      placeholder="Digite o valor"
      placeholderTextColor="#CCC"
      rejectResponderTermination={true}
      style={
        Object {
          "color": "#000000",
          "fontSize": 16,
          "fontWeight": "600",
        }
      }
      type="money"
      underlineColorAndroid="transparent"
      value=""
    />
  </View>
</View>
`;
