// Jest Snapshot v1, https://goo.gl/fbAQLP

exports[`renders correctly 1`] = `
<Modal
  animationType="none"
  hardwareAccelerated={false}
  hideModalContentWhileAnimating={false}
  onModalHide={[Function]}
  onModalWillHide={[Function]}
  onModalWillShow={[Function]}
  onRequestClose={[Function]}
  scrollHorizontal={false}
  scrollOffset={0}
  scrollOffsetMax={0}
  scrollTo={null}
  supportedOrientations={
    Array [
      "portrait",
      "landscape",
    ]
  }
  swipeThreshold={100}
  transparent={true}
  visible={true}
>
  <View
    accessible={true}
    focusable={true}
    forwardedRef={[Function]}
    onClick={[Function]}
    onResponderGrant={[Function]}
    onResponderMove={[Function]}
    onResponderRelease={[Function]}
    onResponderTerminate={[Function]}
    onResponderTerminationRequest={[Function]}
    onStartShouldSetResponder={[Function]}
    style={
      Object {
        "backgroundColor": "black",
        "bottom": 0,
        "height": 1334,
        "left": 0,
        "opacity": 0,
        "position": "absolute",
        "right": 0,
        "top": 0,
        "width": 750,
      }
    }
  />
  <View
    forwardedRef={[Function]}
    hideModalContentWhileAnimating={false}
    onModalHide={[Function]}
    onModalWillHide={[Function]}
    onModalWillShow={[Function]}
    pointerEvents="box-none"
    scrollHorizontal={false}
    scrollOffset={0}
    scrollOffsetMax={0}
    scrollTo={null}
    style={
      Object {
        "flex": 1,
        "justifyContent": "center",
        "margin": 37.5,
        "transform": Array [
          Object {
            "translateY": 1334,
          },
        ],
      }
    }
    supportedOrientations={
      Array [
        "portrait",
        "landscape",
      ]
    }
    swipeThreshold={100}
  >
    <View
      style={
        Object {
          "backgroundColor": "#FFFFFF",
        }
      }
    >
      <View
        style={
          Object {
            "alignItems": "center",
            "marginTop": 30,
            "paddingBottom": 50,
            "paddingHorizontal": 20,
          }
        }
      >
        <Text
          style={
            Object {
              "color": "#000000",
              "fontSize": 22,
              "fontWeight": "600",
            }
          }
        >
          RESGATE EFETUADO!
        </Text>
        <Text
          style={
            Object {
              "color": "#225AA0",
              "fontSize": 15,
              "marginTop": 10,
              "textAlign": "center",
            }
          }
        >
          O valor solicitado estará em sua conta em até 5 dias úteis!
        </Text>
      </View>
      <View
        accessible={true}
        focusable={true}
        onClick={[Function]}
        onResponderGrant={[Function]}
        onResponderMove={[Function]}
        onResponderRelease={[Function]}
        onResponderTerminate={[Function]}
        onResponderTerminationRequest={[Function]}
        onStartShouldSetResponder={[Function]}
        style={
          Object {
            "alignItems": "center",
            "backgroundColor": "#F6E155",
            "justifyContent": "center",
            "opacity": 1,
            "paddingVertical": 20,
          }
        }
      >
        <Text
          style={
            Object {
              "color": "#225AA0",
              "fontSize": 15,
              "fontWeight": "bold",
            }
          }
        >
          NOVO RESGATE
        </Text>
      </View>
    </View>
  </View>
</Modal>
`;
