// Jest Snapshot v1, https://goo.gl/fbAQLP

exports[`renders correctly 1`] = `
<View
  style={
    Array [
      Object {
        "backgroundColor": "#FFFFFF",
      },
      Object {},
    ]
  }
>
  <View
    style={
      Object {
        "borderBottomColor": "#F4F4F4",
        "borderBottomWidth": 2,
        "marginLeft": 20,
        "paddingRight": 20,
        "paddingVertical": 15,
      }
    }
  >
    <View
      style={
        Object {
          "flexDirection": "row",
          "justifyContent": "space-between",
        }
      }
    >
      <Text
        style={
          Object {
            "color": "#000000",
            "fontSize": 16,
            "fontWeight": "600",
          }
        }
      >
        Nome
      </Text>
      <Text
        style={
          Object {
            "color": "#707070",
            "fontSize": 16,
            "fontWeight": "600",
          }
        }
      >
        Investimento I
      </Text>
    </View>
    <Text
      style={
        Object {
          "color": "#FF0000",
          "fontSize": 12,
          "marginTop": 5,
        }
      }
    >
      Nome inv√°lido
    </Text>
  </View>
</View>
`;
